[INFO] Scanning for projects...
[INFO] 
[INFO] ------------< io.github.gustavo2358:cobol-dependency-scan >-------------
[INFO] Building cobol-dependency-scan 1.0.0-rc1
[INFO]   from pom.xml
[INFO] --------------------------------[ jar ]---------------------------------
[INFO] 
[INFO] --- resources:3.3.1:resources (default-resources) @ cobol-dependency-scan ---
[INFO] skip non existing resourceDirectory /home/gustavo/workspace/teste-e2e/plano-b/src/main/resources
[INFO] 
[INFO] --- compiler:3.14.0:compile (default-compile) @ cobol-dependency-scan ---
[INFO] Recompiling the module because of changed source code.
[INFO] Compiling 18 source files with javac [debug release 17] to target/classes
[INFO] 
[INFO] --- resources:3.3.1:testResources (default-testResources) @ cobol-dependency-scan ---
[INFO] Copying 8 resources from src/test/resources to target/test-classes
[INFO] 
[INFO] --- compiler:3.14.0:testCompile (default-testCompile) @ cobol-dependency-scan ---
[INFO] Recompiling the module because of changed dependency.
[INFO] Compiling 14 source files with javac [debug release 17] to target/test-classes
[INFO] 
[INFO] --- surefire:3.5.4:test (default-test) @ cobol-dependency-scan ---
[INFO] Using auto detected provider org.apache.maven.surefire.junitplatform.JUnitPlatformProvider
[INFO] 
[INFO] -------------------------------------------------------
[INFO]  T E S T S
[INFO] -------------------------------------------------------
[INFO] Running io.github.gustavo2358.cobolscan.WriterRemediationTest
[INFO] Tests run: 38, Failures: 0, Errors: 0, Skipped: 0, Time elapsed: 0.198 s -- in io.github.gustavo2358.cobolscan.WriterRemediationTest
[INFO] Running io.github.gustavo2358.cobolscan.CopyRemediationTest
[INFO] Tests run: 19, Failures: 0, Errors: 0, Skipped: 0, Time elapsed: 0.074 s -- in io.github.gustavo2358.cobolscan.CopyRemediationTest
[INFO] Running io.github.gustavo2358.cobolscan.HardeningTest
[INFO] Tests run: 7, Failures: 0, Errors: 0, Skipped: 0, Time elapsed: 0.018 s -- in io.github.gustavo2358.cobolscan.HardeningTest
[INFO] Running io.github.gustavo2358.cobolscan.CorpusTest
[INFO] Tests run: 1, Failures: 0, Errors: 0, Skipped: 0, Time elapsed: 0.250 s -- in io.github.gustavo2358.cobolscan.CorpusTest
[INFO] Running io.github.gustavo2358.cobolscan.ValueTest
[INFO] Tests run: 8, Failures: 0, Errors: 0, Skipped: 0, Time elapsed: 0.026 s -- in io.github.gustavo2358.cobolscan.ValueTest
[INFO] 
[INFO] Results:
[INFO] 
[INFO] Tests run: 73, Failures: 0, Errors: 0, Skipped: 0
[INFO] 
[INFO] ------------------------------------------------------------------------
[INFO] BUILD SUCCESS
[INFO] ------------------------------------------------------------------------
[INFO] Total time:  2.456 s
[INFO] Finished at: 2026-09-16T14:45:27-03:00
[INFO] ------------------------------------------------------------------------
